// Jest Snapshot v1, https://goo.gl/fbAQLP

exports[`AddProperty renders correctly 1`] = `
<DocumentFragment>
  <div
    class="add-property"
  >
    <form>
      <label
        for="title"
      >
        Title: 
      </label>
      <input
        id-="title"
        name="title"
        placeholder="Title"
        type="text"
        value=""
      />
      <label
        for="type"
      >
        Type: 
      </label>
      <select
        class="select-css"
        id="type"
        name="type"
      >
        <option
          value="flat"
        >
          Flat
        </option>
        <option
          value="detached"
        >
          Detached
        </option>
        <option
          value="semi-detached"
        >
          Semi-Detached
        </option>
        <option
          value="terraced"
        >
          Terraced
        </option>
        <option
          value="end-of-terrace"
        >
          End of Terrace
        </option>
        <option
          value="cottage"
        >
          Cottage
        </option>
        <option
          value="bungalow"
        >
          Bungalow
        </option>
      </select>
      <label
        for="bedrooms"
      >
        Bedrooms: 
      </label>
      <input
        id-="bedrooms"
        name="bedrooms"
        placeholder="Bedrooms number"
        type="number"
        value=""
      />
      <label
        for="bathrooms"
      >
        Bathrooms: 
      </label>
      <input
        id-="bathrooms"
        name="bathrooms"
        placeholder="Bathrooms number"
        type="number"
        value=""
      />
      <label
        for="price"
      >
        Price: £ 
      </label>
      <input
        id-="price"
        min="0.01"
        name="price"
        placeholder="Price"
        step="0.01"
        type="number"
        value=""
      />
      <label
        for="city"
      >
        City
      </label>
      <select
        class="select-css"
        id="city"
        name="city"
      >
        <option
          value="manchester"
        >
          Manchester
        </option>
        <option
          value="leeds"
        >
          Leeds
        </option>
        <option
          value="sheffield"
        >
          Sheffield
        </option>
        <option
          value="liverpool"
        >
          Liverpool
        </option>
      </select>
      <label
        for="email"
      >
        Email: 
      </label>
      <input
        id-="email"
        name="email"
        placeholder="example@hotmail.com"
        type="email"
        value=""
      />
      <button
        type="submit"
      >
        Add
      </button>
    </form>
  </div>
</DocumentFragment>
`;
