// Jest Snapshot v1, https://goo.gl/fbAQLP

exports[`NavBar renders correctly 1`] = `
<DocumentFragment>
  <div
    class="wrapper"
  >
    <div
      class="navbar"
    >
      <img
        alt="logo"
        class="logo"
        src="property.png"
      />
      <ul
        class="navbar-links"
      >
        <li
          class="navbar-links-item surreal-estate"
        >
          Surreal Estate
        </li>
        <li
          class="navbar-links-item"
        >
          View Properties
        </li>
        <li
          class="navbar-links-item"
        >
          Add a Property
        </li>
      </ul>
    </div>
  </div>
</DocumentFragment>
`;
